11-01 04:52:28.784  9816  9816 D Adivery : posting video finished false
11-01 04:52:28.837  9816  9816 D Adivery : posting video finished false
11-01 04:52:28.888  9816  9816 D Adivery : posting video finished false
11-01 04:52:28.940  9816  9816 D Adivery : posting video finished false
11-01 04:52:28.992  9816  9816 D Adivery : posting video finished false
11-01 04:52:29.043  9816  9816 D Adivery : posting video finished false
11-01 04:52:29.095  9816  9816 D Adivery : posting video finished false
11-01 04:52:29.120  9816  9816 D Adivery : post role REWARDED
11-01 04:52:29.282  9816 17184 D Adivery : submit event https://event.yektanet.com/api/viewed-impression/v1/collect?impression=CiRhOGE4NDhjMC1hODkwLTQzNmQtODEzZC0xNWNhYTE2MTBhMDYQlfmH6KMzGhCJJ6UF7VWDUY8571UgxVQqII85KiQ1ZTlhMzliNC0xY2VlLTQwZWItOWE1Ny0yZDJkNjU1MDkwZjAwBTj07zVApfACSLGHFFCx2BhYAWCw6gFqBSgBMgEBcKvtAXj1oAOAAQeKAQCSASgiJGRkMzRkNTllLWRhYjYtNDUyOC1hOTdiLTViMjZhYTg2NWQ1ZSgBmgEYCAMQARgOKgw1LjExMy41Mi4xMTIwAlgBwAFkygEtRW5hYmxlQ2hvcnRrZWhEYWlseUJ1ZGdldEVzdGltYXRlZEJyYWtlLjEwOTkxygEgUG9zaXRpb25Hcm91cEltcHJlc3Npb25zQUIuMTA5ODnKARNTU1BBbGVmYmFIZWFsdGguNjc3ygEaU1NQQWxlZmJhUmFuZG9tSGVhbHRoLjUwMDHKAQ5kaXNwbGF5LWFkcy40MsoBJ2VzY2FwZV9pbnN0YWxsX3JlZGlyZWN0X3VybF9zdHVkeS4xMDgyMcoBJW9ubHlfZXZlbnRzZXJ2ZXJfaW5zdGFsbHNfc3R1ZHkuMTAzNzHKAR5ydWJpa2FfY3RyX3ByZWRpY3Rpb25fc3R1ZHkuMzLKARxydWxlYmFzZWRfY3ZyX2Rpc2NvdmVyeS43MzEx-gEkNWU5YTM5YjQtMWNlZS00MGViLTlhNTctMmQyZDY1NTA5MGYwgAIOigIGCAEQASgCkAIXmgIMCMPBlcgGEISG290CyAIB0AIC2gITdGFzdmlyLnlla3RhbmV0LmNvbegCAvACAYAD5IwkiAMBkAOxhxSYA6vtAaAD9aADqAMBsAMBygM9IaCsG5cyvqc_KaCsG5cyvqc_MQAAAAAAAPA_OQAAAAAAAPA_QhVhZGl2ZXJ5X2N0cl9ydWxlYmFzZWRIAdIDAkgB2gMCSAHoAwLwAwL4A7DqAYAEBogEnNqdtYyHg6uQAZgE2DawBKK7CboEDAiaBxCznyEYuBcgDroECggyEKN2GKAGIAO6BAwIpgUQlZUSGOgHIAS6BAwIgQgQmI1GGNAPIBQ%3D&impression_sign=v3QWc2MjeQeTv2jRtsYf1Ejsmd--NCrv1h7EwGHBVL8%3D&view_type=video_complete successful
11-01 04:52:29.552  9816  9816 D Adivery : Invoking JavaScript: javascript:window.Sandbox.onViewShown();
11-01 04:52:35.851  9816 17235 D Adivery : ADIVERY fetching new ad
11-01 04:52:35.856  9816 17147 D Adivery : Request url: https://fetch.adivery.com/api/v1/ads
11-01 04:52:35.859  9816 17147 D Adivery : Request body: {"placement_id":"2265842e-f7f1-4bd2-b5a4-6c923037734f","placement_type":"REWARDED","screen_orientation":"PORTRAIT","count":1,"error_count":0}
11-01 04:52:35.910  9816 17147 D Adivery : Response status code: 200
11-01 04:52:35.911  9816 17147 D Adivery : Response body: {"networks":[{"id":"ADIVERY","policy":{"base_url":"adivery.com","placements":[{"placement_id":"c868a543-4704-40d2-9cf3-0c2e7d173b06","backoff":5,"active":true},{"placement_id":"854d2a27-32d2-4589-a3e5-1189609e4510","backoff":5,"active":true},{"placement_id":"2265842e-f7f1-4bd2-b5a4-6c923037734f","backoff":5,"active":true},{"placement_id":"f83ece42-78b8-4bc9-a341-98ba02b0578d","backoff":5,"active":true}]},"request_tracking_enabled":true,"vast_url":"","bundle":"https://cdn.adivery.com/media/bundle/4fdf4661-d842-4062-b43c-1b704726403b.html","config":{"events":{"impression":["https://event.yektanet.com/api/viewed-impression/v1/collect?impression=CiQyNzUwOTRlYy1lOWIwLTQxOTgtYWYwMS1mMGE5ZjZjNzZiZjAQm7qJ6KMzGgzvVYonpQUgxVSDUSoqJDAzYjc0YmFlLTE5ZWItNGZlZi1iMjJjLTQxZTAwYTU5NTA3NDAFOPC7NEDKkgFIlLATUKHWDFgDYODcKmoFKAEyAQFwq-0BePWgA4ABB4oBAJIBKCIkZGQzNGQ1OWUtZGFiNi00NTI4LWE5N2ItNWIyNmFhODY1ZDVlKAGaARgIAxABGA4qDDUuMTEzLjUyLjExMjACWAHAAWTKAS1FbmFibGVDaG9ydGtlaERhaWx5QnVkZ2V0RXN0aW1hdGVkQnJha2UuMTA5OTHKARNTU1BBbGVmYmFIZWFsdGguNjc3ygEaU1NQQWxlZmJhUmFuZG9tSGVhbHRoLjUwMDLKAQ5kaXNwbGF5LWFkcy40MsoBJ2VzY2FwZV9pbnN0YWxsX3JlZGlyZWN0X3VybF9zdHVkeS4xMDgyMcoBJW9ubHlfZXZlbnRzZXJ2ZXJfaW5zdGFsbHNfc3R1ZHkuMTAzNzHKAR5ydWJpa2FfY3RyX3ByZWRpY3Rpb25fc3R1ZHkuMzL6ASQwM2I3NGJhZS0xOWViLTRmZWYtYjIyYy00MWUwMGE1OTUwNzSAAg6KAgYIARABKAKQAheaAgwI3MGVyAYQitSr0wHIAgHQAgPaAhN0YXN2aXIueWVrdGFuZXQuY29t6AIC8AIBgAPkjCSIAwGQA5SwE5gDq-0BoAP1oAOoAwGwAwHKAz0hrZMAqOVeuT8prZMAqOVeuT8xAAAAAAAA8D85AAAAAAAA8D9CFWFkaXZlcnlfY3RyX3J1bGViYXNlZEgB0gM9IT98j0tLank_KT98j0tLank_MQAAAAAAAPA_OQAAAAAAAPA_QhVhZGl2ZXJ5X2N2cl9ydWxlYmFzZWRIAdoDAkgB6AMC8AMC-APg3CqABAaIBOSg4vDtuIOrkAGYBNg2sAS4iQK6BAwIpgUQlZUSGOgHIAS6BAkIgQgQmI1GIBQ%3D\u0026impression_sign=l7k4c0-Yj6fXzTeFl7MIZndQgtTN_c8GtedB91duI8w%3D\u0026view_type=active_view"],"complete":["https://event.yektanet.com/api/viewed-impression/v1/collect?impression=CiQyNzUwOTRlYy1lOWIwLTQxOTgtYWYwMS1mMGE5ZjZjNzZiZjAQm7qJ6KMzGgzvVYonpQUgxVSDUSoqJDAzYjc0YmFlLTE5ZWItNGZlZi1iMjJjLTQxZTAwYTU5NTA3NDAFOPC7NEDKkgFIlLATUKHWDFgDYODcKmoFKAEyAQFwq-0BePWgA4ABB4oBAJIBKCIkZGQzNGQ1OWUtZGFiNi00NTI4LWE5N2ItNWIyNmFhODY1ZDVlKAGaARgIAxABGA4qDDUuMTEzLjUyLjExMjACWAHAAWTKAS1FbmFibGVDaG9ydGtlaERhaWx5QnVkZ2V0RXN0aW1hdGVkQnJha2UuMTA5OTHKARNTU1BBbGVmYmFIZWFsdGguNjc3ygEaU1NQQWxlZmJhUmFuZG9tSGVhbHRoLjUwMDLKAQ5kaXNwbGF5LWFkcy40MsoBJ2VzY2FwZV9pbnN0YWxsX3JlZGlyZWN0X3VybF9zdHVkeS4xMDgyMcoBJW9ubHlfZXZlbnRzZXJ2ZXJfaW5zdGFsbHNfc3R1ZHkuMTAzNzHKAR5ydWJpa2FfY3RyX3ByZWRpY3Rpb25fc3R1ZHkuMzL6ASQwM2I3NGJhZS0xOWViLTRmZWYtYjIyYy00MWUwMGE1OTUwNzSAAg6KAgYIARABKAKQAheaAgwI3MGVyAYQitSr0wHIAgHQAgPaAhN0YXN2aXIueWVrdGFuZXQuY29t6AIC8AIBgAPkjCSIAwGQA5SwE5gDq-0BoAP1oAOoAwGwAwHKAz0hrZMAqOVeuT8prZMAqOVeuT8xAAAAAAAA8D85AAAAAAAA8D9CFWFkaXZlcnlfY3RyX3J1bGViYXNlZEgB0gM9IT98j0tLank_KT98j0tLank_MQAAAAAAAPA_OQAAAAAAAPA_QhVhZGl2ZXJ5X2N2cl9ydWxlYmFzZWRIAdoDAkgB6AMC8AMC-APg3CqABAaIBOSg4vDtuIOrkAGYBNg2sAS4iQK6BAwIpgUQlZUSGOgHIAS6BAkIgQgQmI1GIBQ%3D\u0026impression_sign=l7k4c0-Yj6fXzTeFl7MIZndQgtTN_c8GtedB91duI8w%3D\u0026view_type=video_complete"]},"landing_url":"https://event.yektanet.com/api/click/v1/collect?impression=CiQyNzUwOTRlYy1lOWIwLTQxOTgtYWYwMS1mMGE5ZjZjNzZiZjAQm7qJ6KMzGgzvVYonpQUgxVSDUSoqJDAzYjc0YmFlLTE5ZWItNGZlZi1iMjJjLTQxZTAwYTU5NTA3NDAFOPC7NEDKkgFIlLATUKHWDFgDYODcKmoFKAEyAQFwq-0BePWgA4ABB4oBAJIBKCIkZGQzNGQ1OWUtZGFiNi00NTI4LWE5N2ItNWIyNmFhODY1ZDVlKAGaARgIAxABGA4qDDUuMTEzLjUyLjExMjACWAHAAWTKAS1FbmFibGVDaG9ydGtlaERhaWx5QnVkZ2V0RXN0aW1hdGVkQnJha2UuMTA5OTHKARNTU1BBbGVmYmFIZWFsdGguNjc3ygEaU1NQQWxlZmJhUmFuZG9tSGVhbHRoLjUwMDLKAQ5kaXNwbGF5LWFkcy40MsoBJ2VzY2FwZV9pbnN0YWxsX3JlZGlyZWN0X3VybF9zdHVkeS4xMDgyMcoBJW9ubHlfZXZlbnRzZXJ2ZXJfaW5zdGFsbHNfc3R1ZHkuMTAzNzHKAR5ydWJpa2FfY3RyX3ByZWRpY3Rpb25fc3R1ZHkuMzL6ASQwM2I3NGJhZS0xOWViLTRmZWYtYjIyYy00MWUwMGE1OTUwNzSAAg6KAgYIARABKAKQAheaAgwI3MGVyAYQitSr0wHIAgHQAgPaAhN0YXN2aXIueWVrdGFuZXQuY29t6AIC8AIBgAPkjCSIAwGQA5SwE5gDq-0BoAP1oAOoAwGwAwHKAz0hrZMAqOVeuT8prZMAqOVeuT8xAAAAAAAA8D85AAAAAAAA8D9CFWFkaXZlcnlfY3RyX3J1bGViYXNlZEgB0gM9IT98j0tLank_KT98j0tLank_MQAAAAAAAPA_OQAAAAAAAPA_QhVhZGl2ZXJ5X2N2cl9ydWxlYmFzZWRIAdoDAkgB6AMC8AMC-APg3CqABAa
11-01 04:52:36.053  9816 16879 I yoyo    : Adivery async: type=onAdClosed;placement=2265842e-f7f1-4bd2-b5a4-6c923037734f;rewarded=-1;message=
11-01 04:52:36.053  9816 16879 I yoyo    : Adivery: Rewarded CLOSED
11-01 04:52:36.053  9816 16879 I yoyo    : Adivery async: type=onRewarded;placement=;rewarded=-1;message=logcat_fallback
11-01 04:52:36.057  9816 16879 I Adivery : isConsumable: null
11-01 04:52:36.170  9816 16879 I Adivery : isConsumable: null
11-01 04:52:36.274  9816 16879 I Adivery : isConsumable: null
11-01 04:52:36.291  9816 16879 I Adivery : isConsumable: null
11-01 04:52:36.303  9816 16879 I Adivery : isConsumable: null
11-01 04:52:36.323  9816 16879 I Adivery : isConsumable: null
11-01 04:52:36.340  9816 16879 I Adivery : isConsumable: null
11-01 04:52:36.353  9816 16879 I Adivery : isConsumable: null
11-01 04:52:36.368  9816 16879 I Adivery : isConsumable: null